******************************************************************************
                  TI ARM Linker PC v20.2.5                     
******************************************************************************
>> Linked Sun Jan 23 09:31:48 2022

OUTPUT FILE NAME:   <Lab2.out>
ENTRY POINT SYMBOL: "_c_int00_noargs"  address: 00000a0d


MEMORY CONFIGURATION

         name            origin    length      used     unused   attr    fill
----------------------  --------  ---------  --------  --------  ----  --------
  MAIN                  00000000   00040000  00000b58  0003f4a8  R  X
  INFO                  00200000   00004000  00000000  00004000  R  X
  SRAM_CODE             01000000   00010000  00000214  0000fdec  RW X
  SRAM_DATA             20000000   00010000  00000214  0000fdec  RW  


SEGMENT ALLOCATION MAP

run origin  load origin   length   init length attrs members
----------  ----------- ---------- ----------- ----- -------
00000000    00000000    00000b5c   00000b5c    r-x
  00000000    00000000    000000e4   000000e4    r-- .intvecs
  000000e4    000000e4    00000980   00000980    r-x .text
  00000a64    00000a64    000000c8   000000c8    r-- .const
  00000b30    00000b30    0000002c   0000002c    r-- .cinit
20000000    20000000    00000014   00000000    rw-
  20000000    20000000    00000014   00000000    rw- .data
2000fe00    2000fe00    00000200   00000000    rw-
  2000fe00    2000fe00    00000200   00000000    rw- .stack


SECTION ALLOCATION MAP

 output                                  attributes/
section   page    origin      length       input sections
--------  ----  ----------  ----------   ----------------
.intvecs   0    00000000    000000e4     
                  00000000    000000e4     startup_msp432p401r_ccs.obj (.intvecs:retain)

.text      0    000000e4    00000980     
                  000000e4    0000032c     system_msp432p401r.obj (.text)
                  00000410    000002d0     Lab2_main.obj (.text)
                  000006e0    000001e4     Solution.obj (.text)
                  000008c4    0000009c     rtsv7M4_T_le_v4SPD16_eabi.lib : memcpy_t2.asm.obj (.text)
                  00000960    00000068                                   : copy_decompress_lzss.c.obj (.text:decompress:lzss:__TI_decompress_lzss)
                  000009c8    00000044                                   : autoinit.c.obj (.text:__TI_auto_init_nobinit_nopinit:__TI_auto_init_nobinit_nopinit)
                  00000a0c    00000034                                   : boot_cortex_m.c.obj (.text:_c_int00_noargs:_c_int00_noargs)
                  00000a40    0000000e                                   : copy_decompress_none.c.obj (.text:decompress:none:__TI_decompress_none)
                  00000a4e    0000000e     startup_msp432p401r_ccs.obj (.text)
                  00000a5c    00000004     rtsv7M4_T_le_v4SPD16_eabi.lib : pre_init.c.obj (.text:_system_pre_init)
                  00000a60    00000004                                   : exit.c.obj (.text:abort:abort)

.const     0    00000a64    000000c8     
                  00000a64    00000048     Lab2_main.obj (.const:CornerCases)
                  00000aac    00000040     Lab2_main.obj (.const:ADCBuffer)
                  00000aec    00000040     Lab2_main.obj (.const:DistanceBuffer)

.cinit     0    00000b30    0000002c     
                  00000b30    00000019     (.cinit..data.load) [load image, compression = lzss]
                  00000b49    00000003     --HOLE-- [fill = 0]
                  00000b4c    00000008     (__TI_handler_table)
                  00000b54    00000008     (__TI_cinit_table)

.init_array 
*          0    00000000    00000000     UNINITIALIZED

.binit     0    00000000    00000000     

.data      0    20000000    00000014     UNINITIALIZED
                  20000000    00000010     Solution.obj (.data)
                  20000010    00000004     system_msp432p401r.obj (.data)

.stack     0    2000fe00    00000200     UNINITIALIZED
                  2000fe00    00000004     rtsv7M4_T_le_v4SPD16_eabi.lib : boot_cortex_m.c.obj (.stack)
                  2000fe04    000001fc     --HOLE--

__llvm_prf_cnts 
*          0    20000000    00000000     UNINITIALIZED

MODULE SUMMARY

       Module                        code   ro data   rw data
       ------                        ----   -------   -------
    ..\
       Solution.obj                  484    0         32     
    +--+-----------------------------+------+---------+---------+
       Total:                        484    0         32     
                                                             
    .\
       Lab2_main.obj                 720    200       0      
       system_msp432p401r.obj        812    0         8      
       startup_msp432p401r_ccs.obj   14     228       0      
    +--+-----------------------------+------+---------+---------+
       Total:                        1546   428       8      
                                                             
    C:\ti\ccs1040\ccs\tools\compiler\ti-cgt-arm_20.2.5.LTS\lib\rtsv7M4_T_le_v4SPD16_eabi.lib
       memcpy_t2.asm.obj             156    0         0      
       copy_decompress_lzss.c.obj    104    0         0      
       autoinit.c.obj                68     0         0      
       boot_cortex_m.c.obj           52     0         0      
       copy_decompress_none.c.obj    14     0         0      
       exit.c.obj                    4      0         0      
       pre_init.c.obj                4      0         0      
    +--+-----------------------------+------+---------+---------+
       Total:                        402    0         0      
                                                             
       Stack:                        0      0         1024   
       Linker Generated:             0      41        0      
    +--+-----------------------------+------+---------+---------+
       Grand Total:                  2432   469       1064   


LINKER GENERATED COPY TABLES

__TI_cinit_table @ 00000b54 records: 1, size/record: 8, table size: 8
	.data: load addr=00000b30, load size=00000019 bytes, run addr=20000000, run size=00000014 bytes, compression=lzss


LINKER GENERATED HANDLER TABLE

__TI_handler_table @ 00000b4c records: 2, size/record: 4, table size: 8
	index: 0, handler: __TI_decompress_lzss
	index: 1, handler: __TI_decompress_none


GLOBAL SYMBOLS: SORTED ALPHABETICALLY BY Name 

address   name                          
-------   ----                          
00000a5b  ADC14_IRQHandler              
00000aac  ADCBuffer                     
00000a5b  AES256_IRQHandler             
00000a5b  BusFault_Handler              
00000a61  C$$EXIT                       
00000a5b  COMP_E0_IRQHandler            
00000a5b  COMP_E1_IRQHandler            
00000a5b  CS_IRQHandler                 
2000000c  Centermin                     
20000008  Centeropen                    
00000411  Classify                      
00000525  Convert                       
00000a64  CornerCases                   
00000a5b  DMA_ERR_IRQHandler            
00000a5b  DMA_INT0_IRQHandler           
00000a5b  DMA_INT1_IRQHandler           
00000a5b  DMA_INT2_IRQHandler           
00000a5b  DMA_INT3_IRQHandler           
00000a5b  DebugMon_Handler              
00000a5b  Default_Handler               
00000aec  DistanceBuffer                
00000a5b  EUSCIA0_IRQHandler            
00000a5b  EUSCIA1_IRQHandler            
00000a5b  EUSCIA2_IRQHandler            
00000a5b  EUSCIA3_IRQHandler            
00000a5b  EUSCIB0_IRQHandler            
00000a5b  EUSCIB1_IRQHandler            
00000a5b  EUSCIB2_IRQHandler            
00000a5b  EUSCIB3_IRQHandler            
00000a5b  FLCTL_IRQHandler              
00000a5b  FPU_IRQHandler                
00000a5b  HardFault_Handler             
00000a5b  MemManage_Handler             
00000a5b  NMI_Handler                   
00000a5b  PCM_IRQHandler                
00000a5b  PORT1_IRQHandler              
00000a5b  PORT2_IRQHandler              
00000a5b  PORT3_IRQHandler              
00000a5b  PORT4_IRQHandler              
00000a5b  PORT5_IRQHandler              
00000a5b  PORT6_IRQHandler              
00000a5b  PSS_IRQHandler                
00000a5b  PendSV_Handler                
0000054f  Program4_1                    
000005a5  Program4_2                    
0000063f  Program4_3                    
00000a5b  RTC_C_IRQHandler              
00000a4f  Reset_Handler                 
00000a5b  SVC_Handler                   
000006e1  SetParametersForSolution      
20000000  Sidemax                       
20000004  Sidemin                       
00000709  Solution                      
00000a5b  SysTick_Handler               
20000010  SystemCoreClock               
000000e5  SystemCoreClockUpdate         
00000359  SystemInit                    
00000a5b  T32_INT1_IRQHandler           
00000a5b  T32_INT2_IRQHandler           
00000a5b  T32_INTC_IRQHandler           
00000a5b  TA0_0_IRQHandler              
00000a5b  TA0_N_IRQHandler              
00000a5b  TA1_0_IRQHandler              
00000a5b  TA1_N_IRQHandler              
00000a5b  TA2_0_IRQHandler              
00000a5b  TA2_N_IRQHandler              
00000a5b  TA3_0_IRQHandler              
00000a5b  TA3_N_IRQHandler              
00000a5b  UsageFault_Handler            
4000480c  WDTCTL_SYM                    
00000a5b  WDT_A_IRQHandler              
20010000  __STACK_END                   
00000200  __STACK_SIZE                  
00000b54  __TI_CINIT_Base               
00000b5c  __TI_CINIT_Limit              
00000b4c  __TI_Handler_Table_Base       
00000b54  __TI_Handler_Table_Limit      
000009c9  __TI_auto_init_nobinit_nopinit
00000961  __TI_decompress_lzss          
00000a41  __TI_decompress_none          
ffffffff  __TI_pprof_out_hndl           
ffffffff  __TI_prof_data_size           
ffffffff  __TI_prof_data_start          
00000000  __TI_static_base__            
000008c5  __aeabi_memcpy                
000008c5  __aeabi_memcpy4               
000008c5  __aeabi_memcpy8               
ffffffff  __binit__                     
ffffffff  __c_args__                    
UNDEFED   __mpu_init                    
2000fe00  __stack                       
20000000  __start___llvm_prf_cnts       
20000000  __stop___llvm_prf_cnts        
00000a0d  _c_int00_noargs               
UNDEFED   _system_post_cinit            
00000a5d  _system_pre_init              
00000a61  abort                         
ffffffff  binit                         
00000000  interruptVectors              
000006c7  main                          
000008c5  memcpy                        


GLOBAL SYMBOLS: SORTED BY Symbol Address 

address   name                          
-------   ----                          
00000000  __TI_static_base__            
00000000  interruptVectors              
000000e5  SystemCoreClockUpdate         
00000200  __STACK_SIZE                  
00000359  SystemInit                    
00000411  Classify                      
00000525  Convert                       
0000054f  Program4_1                    
000005a5  Program4_2                    
0000063f  Program4_3                    
000006c7  main                          
000006e1  SetParametersForSolution      
00000709  Solution                      
000008c5  __aeabi_memcpy                
000008c5  __aeabi_memcpy4               
000008c5  __aeabi_memcpy8               
000008c5  memcpy                        
00000961  __TI_decompress_lzss          
000009c9  __TI_auto_init_nobinit_nopinit
00000a0d  _c_int00_noargs               
00000a41  __TI_decompress_none          
00000a4f  Reset_Handler                 
00000a5b  ADC14_IRQHandler              
00000a5b  AES256_IRQHandler             
00000a5b  BusFault_Handler              
00000a5b  COMP_E0_IRQHandler            
00000a5b  COMP_E1_IRQHandler            
00000a5b  CS_IRQHandler                 
00000a5b  DMA_ERR_IRQHandler            
00000a5b  DMA_INT0_IRQHandler           
00000a5b  DMA_INT1_IRQHandler           
00000a5b  DMA_INT2_IRQHandler           
00000a5b  DMA_INT3_IRQHandler           
00000a5b  DebugMon_Handler              
00000a5b  Default_Handler               
00000a5b  EUSCIA0_IRQHandler            
00000a5b  EUSCIA1_IRQHandler            
00000a5b  EUSCIA2_IRQHandler            
00000a5b  EUSCIA3_IRQHandler            
00000a5b  EUSCIB0_IRQHandler            
00000a5b  EUSCIB1_IRQHandler            
00000a5b  EUSCIB2_IRQHandler            
00000a5b  EUSCIB3_IRQHandler            
00000a5b  FLCTL_IRQHandler              
00000a5b  FPU_IRQHandler                
00000a5b  HardFault_Handler             
00000a5b  MemManage_Handler             
00000a5b  NMI_Handler                   
00000a5b  PCM_IRQHandler                
00000a5b  PORT1_IRQHandler              
00000a5b  PORT2_IRQHandler              
00000a5b  PORT3_IRQHandler              
00000a5b  PORT4_IRQHandler              
00000a5b  PORT5_IRQHandler              
00000a5b  PORT6_IRQHandler              
00000a5b  PSS_IRQHandler                
00000a5b  PendSV_Handler                
00000a5b  RTC_C_IRQHandler              
00000a5b  SVC_Handler                   
00000a5b  SysTick_Handler               
00000a5b  T32_INT1_IRQHandler           
00000a5b  T32_INT2_IRQHandler           
00000a5b  T32_INTC_IRQHandler           
00000a5b  TA0_0_IRQHandler              
00000a5b  TA0_N_IRQHandler              
00000a5b  TA1_0_IRQHandler              
00000a5b  TA1_N_IRQHandler              
00000a5b  TA2_0_IRQHandler              
00000a5b  TA2_N_IRQHandler              
00000a5b  TA3_0_IRQHandler              
00000a5b  TA3_N_IRQHandler              
00000a5b  UsageFault_Handler            
00000a5b  WDT_A_IRQHandler              
00000a5d  _system_pre_init              
00000a61  C$$EXIT                       
00000a61  abort                         
00000a64  CornerCases                   
00000aac  ADCBuffer                     
00000aec  DistanceBuffer                
00000b4c  __TI_Handler_Table_Base       
00000b54  __TI_CINIT_Base               
00000b54  __TI_Handler_Table_Limit      
00000b5c  __TI_CINIT_Limit              
20000000  Sidemax                       
20000000  __start___llvm_prf_cnts       
20000000  __stop___llvm_prf_cnts        
20000004  Sidemin                       
20000008  Centeropen                    
2000000c  Centermin                     
20000010  SystemCoreClock               
2000fe00  __stack                       
20010000  __STACK_END                   
4000480c  WDTCTL_SYM                    
ffffffff  __TI_pprof_out_hndl           
ffffffff  __TI_prof_data_size           
ffffffff  __TI_prof_data_start          
ffffffff  __binit__                     
ffffffff  __c_args__                    
ffffffff  binit                         
UNDEFED   __mpu_init                    
UNDEFED   _system_post_cinit            

[101 symbols]
