******************************************************************************
                  TI ARM Linker PC v16.9.1                     
******************************************************************************
>> Linked Thu May 25 12:31:56 2017

OUTPUT FILE NAME:   <Lab_Logic.out>
ENTRY POINT SYMBOL: "_c_int00"  address: 00000b11


MEMORY CONFIGURATION

         name            origin    length      used     unused   attr    fill
----------------------  --------  ---------  --------  --------  ----  --------
  MAIN                  00000000   00040000  00000d76  0003f28a  R  X
  INFO                  00200000   00004000  00000000  00004000  R  X
  SRAM_CODE             01000000   00010000  00000230  0000fdd0  RW X
  SRAM_DATA             20000000   00010000  00000230  0000fdd0  RW  


SEGMENT ALLOCATION MAP

run origin  load origin   length   init length attrs members
----------  ----------- ---------- ----------- ----- -------
00000000    00000000    00000d78   00000d78    r-x
  00000000    00000000    000000e4   000000e4    r-- .intvecs
  000000e4    000000e4    00000b7a   00000b7a    r-x .text
  00000c60    00000c60    000000c8   000000c8    r-- .const
  00000d28    00000d28    00000050   00000050    r-- .cinit
20000000    20000000    00000030   00000000    rw-
  20000000    20000000    0000002c   00000000    rw- .data
  2000002c    2000002c    00000004   00000000    rw- .bss
2000fe00    2000fe00    00000200   00000000    rw-
  2000fe00    2000fe00    00000200   00000000    rw- .stack


SECTION ALLOCATION MAP

 output                                  attributes/
section   page    origin      length       input sections
--------  ----  ----------  ----------   ----------------
.intvecs   0    00000000    000000e4     
                  00000000    000000e4     startup_msp432p401r_ccs.obj (.intvecs:retain)

.binit     0    00000000    00000000     

.text      0    000000e4    00000b7a     
                  000000e4    0000032c     main.obj (.text)
                  00000410    0000032c     system_msp432p401r.obj (.text)
                  0000073c    000001e4     Solution.obj (.text)
                  00000920    0000009c     rtsv7M4_T_le_v4SPD16_eabi.lib : memcpy_t2.obj (.text)
                  000009bc    0000007a                                   : memset_t2.obj (.text)
                  00000a36    00000002                                   : mpu_init.obj (.text)
                  00000a38    00000070                                   : autoinit.obj (.text)
                  00000aa8    00000068                                   : copy_decompress_lzss.obj (.text:decompress:lzss)
                  00000b10    00000054                                   : boot.obj (.text)
                  00000b64    00000054                                   : exit.obj (.text)
                  00000bb8    0000004c                                   : cpy_tbl.obj (.text)
                  00000c04    00000018                                   : args_main.obj (.text)
                  00000c1c    00000014                                   : _lock.obj (.text)
                  00000c30    0000000e                                   : copy_decompress_none.obj (.text:decompress:none)
                  00000c3e    0000000e     startup_msp432p401r_ccs.obj (.text)
                  00000c4c    0000000c     rtsv7M4_T_le_v4SPD16_eabi.lib : copy_zero_init.obj (.text:decompress:ZI)
                  00000c58    00000004                                   : pre_init.obj (.text)
                  00000c5c    00000002                                   : startup.obj (.text)

.const     0    00000c60    000000c8     
                  00000c60    00000048     main.obj (.const:CornerCases)
                  00000ca8    00000040     main.obj (.const:ADCBuffer)
                  00000ce8    00000040     main.obj (.const:DistanceBuffer)

.cinit     0    00000d28    00000050     
                  00000d28    00000025     (.cinit..data.load) [load image, compression = lzss]
                  00000d4d    00000003     --HOLE-- [fill = 0]
                  00000d50    0000000c     (__TI_handler_table)
                  00000d5c    00000004     --HOLE-- [fill = 0]
                  00000d60    00000008     (.cinit..bss.load) [load image, compression = zero_init]
                  00000d68    00000010     (__TI_cinit_table)

.init_array 
*          0    00000000    00000000     UNINITIALIZED

.data      0    20000000    0000002c     UNINITIALIZED
                  20000000    00000010     Solution.obj (.data)
                  20000010    0000000c     rtsv7M4_T_le_v4SPD16_eabi.lib : exit.obj (.data:$O1$$)
                  2000001c    00000008                                   : _lock.obj (.data:$O1$$)
                  20000024    00000004                                   : stkdepth_vars.obj (.data)
                  20000028    00000004     system_msp432p401r.obj (.data)

.bss       0    2000002c    00000004     UNINITIALIZED
                  2000002c    00000004     (.common:errors)

.stack     0    2000fe00    00000200     UNINITIALIZED
                  2000fe00    00000200     --HOLE--

MODULE SUMMARY

       Module                        code   ro data   rw data
       ------                        ----   -------   -------
    ..\
       Solution.obj                  484    0         32     
    +--+-----------------------------+------+---------+---------+
       Total:                        484    0         32     
                                                             
    .\
       main.obj                      812    200       8      
       system_msp432p401r.obj        812    0         8      
       startup_msp432p401r_ccs.obj   14     228       0      
    +--+-----------------------------+------+---------+---------+
       Total:                        1638   428       16     
                                                             
    C:\ti\ccsv7\tools\compiler\ti-cgt-arm_16.9.1.LTS\lib\rtsv7M4_T_le_v4SPD16_eabi.lib
       memcpy_t2.obj                 156    0         0      
       memset_t2.obj                 122    0         0      
       autoinit.obj                  112    0         0      
       exit.obj                      84     0         24     
       copy_decompress_lzss.obj      104    0         0      
       boot.obj                      84     0         0      
       cpy_tbl.obj                   76     0         0      
       _lock.obj                     20     0         16     
       args_main.obj                 24     0         0      
       copy_decompress_none.obj      14     0         0      
       copy_zero_init.obj            12     0         0      
       stkdepth_vars.obj             0      0         8      
       pre_init.obj                  4      0         0      
       mpu_init.obj                  2      0         0      
       startup.obj                   2      0         0      
    +--+-----------------------------+------+---------+---------+
       Total:                        816    0         48     
                                                             
       Stack:                        0      0         1024   
       Linker Generated:             0      73        0      
    +--+-----------------------------+------+---------+---------+
       Grand Total:                  2938   501       1120   


LINKER GENERATED COPY TABLES

__TI_cinit_table @ 00000d68 records: 2, size/record: 8, table size: 16
	.data: load addr=00000d28, load size=00000025 bytes, run addr=20000000, run size=0000002c bytes, compression=lzss
	.bss: load addr=00000d60, load size=00000008 bytes, run addr=2000002c, run size=00000004 bytes, compression=zero_init


LINKER GENERATED HANDLER TABLE

__TI_handler_table @ 00000d50 records: 3, size/record: 4, table size: 12
	index: 0, handler: __TI_decompress_lzss
	index: 1, handler: __TI_decompress_none
	index: 2, handler: __TI_zero_init


GLOBAL SYMBOLS: SORTED ALPHABETICALLY BY Name 

address   name                           
-------   ----                           
00000c4b  ADC14_IRQHandler               
00000ca8  ADCBuffer                      
00000c4b  AES256_IRQHandler              
00000c4b  BusFault_Handler               
00000b65  C$$EXIT                        
00000c4b  COMP_E0_IRQHandler             
00000c4b  COMP_E1_IRQHandler             
00000c4b  CS_IRQHandler                  
2000000c  Centermin                      
20000008  Centeropen                     
000000e5  Classify                       
00000253  Convert                        
00000c60  CornerCases                    
00000c4b  DMA_ERR_IRQHandler             
00000c4b  DMA_INT0_IRQHandler            
00000c4b  DMA_INT1_IRQHandler            
00000c4b  DMA_INT2_IRQHandler            
00000c4b  DMA_INT3_IRQHandler            
00000c4b  DebugMon_Handler               
00000c4b  Default_Handler                
00000ce8  DistanceBuffer                 
00000c4b  EUSCIA0_IRQHandler             
00000c4b  EUSCIA1_IRQHandler             
00000c4b  EUSCIA2_IRQHandler             
00000c4b  EUSCIA3_IRQHandler             
00000c4b  EUSCIB0_IRQHandler             
00000c4b  EUSCIB1_IRQHandler             
00000c4b  EUSCIB2_IRQHandler             
00000c4b  EUSCIB3_IRQHandler             
00000c4b  FLCTL_IRQHandler               
00000c4b  FPU_IRQHandler                 
00000c4b  HardFault_Handler              
00000c4b  MemManage_Handler              
00000c4b  NMI_Handler                    
00000c4b  PCM_IRQHandler                 
00000c4b  PORT1_IRQHandler               
00000c4b  PORT2_IRQHandler               
00000c4b  PORT3_IRQHandler               
00000c4b  PORT4_IRQHandler               
00000c4b  PORT5_IRQHandler               
00000c4b  PORT6_IRQHandler               
00000c4b  PSS_IRQHandler                 
00000c4b  PendSV_Handler                 
00000279  Program4_1                     
000002cf  Program4_2                     
0000036d  Program4_3                     
00000c4b  RTC_C_IRQHandler               
00000c3f  Reset_Handler                  
UNDEFED   SHT$$INIT_ARRAY$$Base          
UNDEFED   SHT$$INIT_ARRAY$$Limit         
00000c4b  SVC_Handler                    
0000073d  SetParametersForSolution       
20000000  Sidemax                        
20000004  Sidemin                        
00000765  Solution                       
00000c4b  SysTick_Handler                
20000028  SystemCoreClock                
00000411  SystemCoreClockUpdate          
00000685  SystemInit                     
00000c4b  T32_INT1_IRQHandler            
00000c4b  T32_INT2_IRQHandler            
00000c4b  T32_INTC_IRQHandler            
00000c4b  TA0_0_IRQHandler               
00000c4b  TA0_N_IRQHandler               
00000c4b  TA1_0_IRQHandler               
00000c4b  TA1_N_IRQHandler               
00000c4b  TA2_0_IRQHandler               
00000c4b  TA2_N_IRQHandler               
00000c4b  TA3_0_IRQHandler               
00000c4b  TA3_N_IRQHandler               
00000c4b  UsageFault_Handler             
4000480c  WDTCTL_SYM                     
00000c4b  WDT_A_IRQHandler               
20010000  __STACK_END                    
00000200  __STACK_SIZE                   
00000d68  __TI_CINIT_Base                
00000d78  __TI_CINIT_Limit               
00000d50  __TI_Handler_Table_Base        
00000d5c  __TI_Handler_Table_Limit       
00000a39  __TI_auto_init                 
20000010  __TI_cleanup_ptr               
00000aa9  __TI_decompress_lzss           
00000c31  __TI_decompress_none           
20000014  __TI_dtors_ptr                 
20000018  __TI_enable_exit_profile_output
ffffffff  __TI_pprof_out_hndl            
ffffffff  __TI_prof_data_size            
ffffffff  __TI_prof_data_start           
00000000  __TI_static_base__             
00000c4d  __TI_zero_init                 
000009bd  __aeabi_memclr                 
000009bd  __aeabi_memclr4                
000009bd  __aeabi_memclr8                
00000921  __aeabi_memcpy                 
00000921  __aeabi_memcpy4                
00000921  __aeabi_memcpy8                
000009bf  __aeabi_memset                 
000009bf  __aeabi_memset4                
000009bf  __aeabi_memset8                
ffffffff  __binit__                      
ffffffff  __c_args__                     
00000a37  __mpu_init                     
2000fe00  __stack                        
00000c05  _args_main                     
00000b11  _c_int00                       
2000001c  _lock                          
00000c2b  _nop                           
00000c23  _register_lock                 
00000c1d  _register_unlock               
00000c5d  _system_post_cinit             
00000c59  _system_pre_init               
20000020  _unlock                        
00000b69  abort                          
ffffffff  binit                          
00000bb9  copy_in                        
2000002c  errors                         
00000b71  exit                           
00000000  interruptVectors               
000003f9  main                           
20000024  main_func_sp                   
00000921  memcpy                         
000009c5  memset                         


GLOBAL SYMBOLS: SORTED BY Symbol Address 

address   name                           
-------   ----                           
00000000  __TI_static_base__             
00000000  interruptVectors               
000000e5  Classify                       
00000200  __STACK_SIZE                   
00000253  Convert                        
00000279  Program4_1                     
000002cf  Program4_2                     
0000036d  Program4_3                     
000003f9  main                           
00000411  SystemCoreClockUpdate          
00000685  SystemInit                     
0000073d  SetParametersForSolution       
00000765  Solution                       
00000921  __aeabi_memcpy                 
00000921  __aeabi_memcpy4                
00000921  __aeabi_memcpy8                
00000921  memcpy                         
000009bd  __aeabi_memclr                 
000009bd  __aeabi_memclr4                
000009bd  __aeabi_memclr8                
000009bf  __aeabi_memset                 
000009bf  __aeabi_memset4                
000009bf  __aeabi_memset8                
000009c5  memset                         
00000a37  __mpu_init                     
00000a39  __TI_auto_init                 
00000aa9  __TI_decompress_lzss           
00000b11  _c_int00                       
00000b65  C$$EXIT                        
00000b69  abort                          
00000b71  exit                           
00000bb9  copy_in                        
00000c05  _args_main                     
00000c1d  _register_unlock               
00000c23  _register_lock                 
00000c2b  _nop                           
00000c31  __TI_decompress_none           
00000c3f  Reset_Handler                  
00000c4b  ADC14_IRQHandler               
00000c4b  AES256_IRQHandler              
00000c4b  BusFault_Handler               
00000c4b  COMP_E0_IRQHandler             
00000c4b  COMP_E1_IRQHandler             
00000c4b  CS_IRQHandler                  
00000c4b  DMA_ERR_IRQHandler             
00000c4b  DMA_INT0_IRQHandler            
00000c4b  DMA_INT1_IRQHandler            
00000c4b  DMA_INT2_IRQHandler            
00000c4b  DMA_INT3_IRQHandler            
00000c4b  DebugMon_Handler               
00000c4b  Default_Handler                
00000c4b  EUSCIA0_IRQHandler             
00000c4b  EUSCIA1_IRQHandler             
00000c4b  EUSCIA2_IRQHandler             
00000c4b  EUSCIA3_IRQHandler             
00000c4b  EUSCIB0_IRQHandler             
00000c4b  EUSCIB1_IRQHandler             
00000c4b  EUSCIB2_IRQHandler             
00000c4b  EUSCIB3_IRQHandler             
00000c4b  FLCTL_IRQHandler               
00000c4b  FPU_IRQHandler                 
00000c4b  HardFault_Handler              
00000c4b  MemManage_Handler              
00000c4b  NMI_Handler                    
00000c4b  PCM_IRQHandler                 
00000c4b  PORT1_IRQHandler               
00000c4b  PORT2_IRQHandler               
00000c4b  PORT3_IRQHandler               
00000c4b  PORT4_IRQHandler               
00000c4b  PORT5_IRQHandler               
00000c4b  PORT6_IRQHandler               
00000c4b  PSS_IRQHandler                 
00000c4b  PendSV_Handler                 
00000c4b  RTC_C_IRQHandler               
00000c4b  SVC_Handler                    
00000c4b  SysTick_Handler                
00000c4b  T32_INT1_IRQHandler            
00000c4b  T32_INT2_IRQHandler            
00000c4b  T32_INTC_IRQHandler            
00000c4b  TA0_0_IRQHandler               
00000c4b  TA0_N_IRQHandler               
00000c4b  TA1_0_IRQHandler               
00000c4b  TA1_N_IRQHandler               
00000c4b  TA2_0_IRQHandler               
00000c4b  TA2_N_IRQHandler               
00000c4b  TA3_0_IRQHandler               
00000c4b  TA3_N_IRQHandler               
00000c4b  UsageFault_Handler             
00000c4b  WDT_A_IRQHandler               
00000c4d  __TI_zero_init                 
00000c59  _system_pre_init               
00000c5d  _system_post_cinit             
00000c60  CornerCases                    
00000ca8  ADCBuffer                      
00000ce8  DistanceBuffer                 
00000d50  __TI_Handler_Table_Base        
00000d5c  __TI_Handler_Table_Limit       
00000d68  __TI_CINIT_Base                
00000d78  __TI_CINIT_Limit               
20000000  Sidemax                        
20000004  Sidemin                        
20000008  Centeropen                     
2000000c  Centermin                      
20000010  __TI_cleanup_ptr               
20000014  __TI_dtors_ptr                 
20000018  __TI_enable_exit_profile_output
2000001c  _lock                          
20000020  _unlock                        
20000024  main_func_sp                   
20000028  SystemCoreClock                
2000002c  errors                         
2000fe00  __stack                        
20010000  __STACK_END                    
4000480c  WDTCTL_SYM                     
ffffffff  __TI_pprof_out_hndl            
ffffffff  __TI_prof_data_size            
ffffffff  __TI_prof_data_start           
ffffffff  __binit__                      
ffffffff  __c_args__                     
ffffffff  binit                          
UNDEFED   SHT$$INIT_ARRAY$$Base          
UNDEFED   SHT$$INIT_ARRAY$$Limit         

[122 symbols]
