******************************************************************************
                  TI ARM Linker PC v16.9.1                     
******************************************************************************
>> Linked Fri Jul 07 07:46:49 2017

OUTPUT FILE NAME:   <Lab_SoftwareDesign.out>
ENTRY POINT SYMBOL: "_c_int00"  address: 0000099d


MEMORY CONFIGURATION

         name            origin    length      used     unused   attr    fill
----------------------  --------  ---------  --------  --------  ----  --------
  MAIN                  00000000   00040000  00000c02  0003f3fe  R  X
  INFO                  00200000   00004000  00000000  00004000  R  X
  SRAM_CODE             01000000   00010000  00000230  0000fdd0  RW X
  SRAM_DATA             20000000   00010000  00000230  0000fdd0  RW  


SEGMENT ALLOCATION MAP

run origin  load origin   length   init length attrs members
----------  ----------- ---------- ----------- ----- -------
00000000    00000000    00000c08   00000c08    r-x
  00000000    00000000    000000e4   000000e4    r-- .intvecs
  000000e4    000000e4    00000a06   00000a06    r-x .text
  00000aec    00000aec    000000c8   000000c8    r-- .const
  00000bb8    00000bb8    00000050   00000050    r-- .cinit
20000000    20000000    00000030   00000000    rw-
  20000000    20000000    0000002c   00000000    rw- .data
  2000002c    2000002c    00000004   00000000    rw- .bss
2000fe00    2000fe00    00000200   00000000    rw-
  2000fe00    2000fe00    00000200   00000000    rw- .stack


SECTION ALLOCATION MAP

 output                                  attributes/
section   page    origin      length       input sections
--------  ----  ----------  ----------   ----------------
.intvecs   0    00000000    000000e4     
                  00000000    000000e4     startup_msp432p401r_ccs.obj (.intvecs:retain)

.binit     0    00000000    00000000     

.text      0    000000e4    00000a06     
                  000000e4    0000032c     system_msp432p401r.obj (.text)
                  00000410    000001e4     Solution.obj (.text)
                  000005f4    000001b8     main.obj (.text)
                  000007ac    0000009c     rtsv7M4_T_le_v4SPD16_eabi.lib : memcpy_t2.obj (.text)
                  00000848    0000007a                                   : memset_t2.obj (.text)
                  000008c2    00000002                                   : mpu_init.obj (.text)
                  000008c4    00000070                                   : autoinit.obj (.text)
                  00000934    00000068                                   : copy_decompress_lzss.obj (.text:decompress:lzss)
                  0000099c    00000054                                   : boot.obj (.text)
                  000009f0    00000054                                   : exit.obj (.text)
                  00000a44    0000004c                                   : cpy_tbl.obj (.text)
                  00000a90    00000018                                   : args_main.obj (.text)
                  00000aa8    00000014                                   : _lock.obj (.text)
                  00000abc    0000000e                                   : copy_decompress_none.obj (.text:decompress:none)
                  00000aca    0000000e     startup_msp432p401r_ccs.obj (.text)
                  00000ad8    0000000c     rtsv7M4_T_le_v4SPD16_eabi.lib : copy_zero_init.obj (.text:decompress:ZI)
                  00000ae4    00000004                                   : pre_init.obj (.text)
                  00000ae8    00000002                                   : startup.obj (.text)

.const     0    00000aec    000000c8     
                  00000aec    00000048     main.obj (.const:CornerCases)
                  00000b34    00000040     main.obj (.const:ADCBuffer)
                  00000b74    00000040     main.obj (.const:DistanceBuffer)

.cinit     0    00000bb8    00000050     
                  00000bb8    00000025     (.cinit..data.load) [load image, compression = lzss]
                  00000bdd    00000003     --HOLE-- [fill = 0]
                  00000be0    0000000c     (__TI_handler_table)
                  00000bec    00000004     --HOLE-- [fill = 0]
                  00000bf0    00000008     (.cinit..bss.load) [load image, compression = zero_init]
                  00000bf8    00000010     (__TI_cinit_table)

.init_array 
*          0    00000000    00000000     UNINITIALIZED

.data      0    20000000    0000002c     UNINITIALIZED
                  20000000    00000010     Solution.obj (.data)
                  20000010    0000000c     rtsv7M4_T_le_v4SPD16_eabi.lib : exit.obj (.data:$O1$$)
                  2000001c    00000008                                   : _lock.obj (.data:$O1$$)
                  20000024    00000004                                   : stkdepth_vars.obj (.data)
                  20000028    00000004     system_msp432p401r.obj (.data)

.bss       0    2000002c    00000004     UNINITIALIZED
                  2000002c    00000004     (.common:errors)

.stack     0    2000fe00    00000200     UNINITIALIZED
                  2000fe00    00000200     --HOLE--

MODULE SUMMARY

       Module                        code   ro data   rw data
       ------                        ----   -------   -------
    ..\
       Solution.obj                  484    0         32     
    +--+-----------------------------+------+---------+---------+
       Total:                        484    0         32     
                                                             
    .\
       system_msp432p401r.obj        812    0         8      
       main.obj                      440    200       8      
       startup_msp432p401r_ccs.obj   14     228       0      
    +--+-----------------------------+------+---------+---------+
       Total:                        1266   428       16     
                                                             
    C:\ti\ccsv7\tools\compiler\ti-cgt-arm_16.9.1.LTS\lib\rtsv7M4_T_le_v4SPD16_eabi.lib
       memcpy_t2.obj                 156    0         0      
       memset_t2.obj                 122    0         0      
       autoinit.obj                  112    0         0      
       exit.obj                      84     0         24     
       copy_decompress_lzss.obj      104    0         0      
       boot.obj                      84     0         0      
       cpy_tbl.obj                   76     0         0      
       _lock.obj                     20     0         16     
       args_main.obj                 24     0         0      
       copy_decompress_none.obj      14     0         0      
       copy_zero_init.obj            12     0         0      
       stkdepth_vars.obj             0      0         8      
       pre_init.obj                  4      0         0      
       mpu_init.obj                  2      0         0      
       startup.obj                   2      0         0      
    +--+-----------------------------+------+---------+---------+
       Total:                        816    0         48     
                                                             
       Stack:                        0      0         1024   
       Linker Generated:             0      73        0      
    +--+-----------------------------+------+---------+---------+
       Grand Total:                  2566   501       1120   


LINKER GENERATED COPY TABLES

__TI_cinit_table @ 00000bf8 records: 2, size/record: 8, table size: 16
	.data: load addr=00000bb8, load size=00000025 bytes, run addr=20000000, run size=0000002c bytes, compression=lzss
	.bss: load addr=00000bf0, load size=00000008 bytes, run addr=2000002c, run size=00000004 bytes, compression=zero_init


LINKER GENERATED HANDLER TABLE

__TI_handler_table @ 00000be0 records: 3, size/record: 4, table size: 12
	index: 0, handler: __TI_decompress_lzss
	index: 1, handler: __TI_decompress_none
	index: 2, handler: __TI_zero_init


GLOBAL SYMBOLS: SORTED ALPHABETICALLY BY Name 

address   name                           
-------   ----                           
00000ad7  ADC14_IRQHandler               
00000b34  ADCBuffer                      
00000ad7  AES256_IRQHandler              
00000ad7  BusFault_Handler               
000009f1  C$$EXIT                        
00000ad7  COMP_E0_IRQHandler             
00000ad7  COMP_E1_IRQHandler             
00000ad7  CS_IRQHandler                  
2000000c  Centermin                      
20000008  Centeropen                     
000005f5  Classify                       
0000060d  Convert                        
00000aec  CornerCases                    
00000ad7  DMA_ERR_IRQHandler             
00000ad7  DMA_INT0_IRQHandler            
00000ad7  DMA_INT1_IRQHandler            
00000ad7  DMA_INT2_IRQHandler            
00000ad7  DMA_INT3_IRQHandler            
00000ad7  DebugMon_Handler               
00000ad7  Default_Handler                
00000b74  DistanceBuffer                 
00000ad7  EUSCIA0_IRQHandler             
00000ad7  EUSCIA1_IRQHandler             
00000ad7  EUSCIA2_IRQHandler             
00000ad7  EUSCIA3_IRQHandler             
00000ad7  EUSCIB0_IRQHandler             
00000ad7  EUSCIB1_IRQHandler             
00000ad7  EUSCIB2_IRQHandler             
00000ad7  EUSCIB3_IRQHandler             
00000ad7  FLCTL_IRQHandler               
00000ad7  FPU_IRQHandler                 
00000ad7  HardFault_Handler              
00000ad7  MemManage_Handler              
00000ad7  NMI_Handler                    
00000ad7  PCM_IRQHandler                 
00000ad7  PORT1_IRQHandler               
00000ad7  PORT2_IRQHandler               
00000ad7  PORT3_IRQHandler               
00000ad7  PORT4_IRQHandler               
00000ad7  PORT5_IRQHandler               
00000ad7  PORT6_IRQHandler               
00000ad7  PSS_IRQHandler                 
00000ad7  PendSV_Handler                 
00000619  Program4_1                     
0000066f  Program4_2                     
0000070d  Program4_3                     
00000ad7  RTC_C_IRQHandler               
00000acb  Reset_Handler                  
UNDEFED   SHT$$INIT_ARRAY$$Base          
UNDEFED   SHT$$INIT_ARRAY$$Limit         
00000ad7  SVC_Handler                    
00000411  SetParametersForSolution       
20000000  Sidemax                        
20000004  Sidemin                        
00000439  Solution                       
00000ad7  SysTick_Handler                
20000028  SystemCoreClock                
000000e5  SystemCoreClockUpdate          
00000359  SystemInit                     
00000ad7  T32_INT1_IRQHandler            
00000ad7  T32_INT2_IRQHandler            
00000ad7  T32_INTC_IRQHandler            
00000ad7  TA0_0_IRQHandler               
00000ad7  TA0_N_IRQHandler               
00000ad7  TA1_0_IRQHandler               
00000ad7  TA1_N_IRQHandler               
00000ad7  TA2_0_IRQHandler               
00000ad7  TA2_N_IRQHandler               
00000ad7  TA3_0_IRQHandler               
00000ad7  TA3_N_IRQHandler               
00000ad7  UsageFault_Handler             
4000480c  WDTCTL_SYM                     
00000ad7  WDT_A_IRQHandler               
20010000  __STACK_END                    
00000200  __STACK_SIZE                   
00000bf8  __TI_CINIT_Base                
00000c08  __TI_CINIT_Limit               
00000be0  __TI_Handler_Table_Base        
00000bec  __TI_Handler_Table_Limit       
000008c5  __TI_auto_init                 
20000010  __TI_cleanup_ptr               
00000935  __TI_decompress_lzss           
00000abd  __TI_decompress_none           
20000014  __TI_dtors_ptr                 
20000018  __TI_enable_exit_profile_output
ffffffff  __TI_pprof_out_hndl            
ffffffff  __TI_prof_data_size            
ffffffff  __TI_prof_data_start           
00000000  __TI_static_base__             
00000ad9  __TI_zero_init                 
00000849  __aeabi_memclr                 
00000849  __aeabi_memclr4                
00000849  __aeabi_memclr8                
000007ad  __aeabi_memcpy                 
000007ad  __aeabi_memcpy4                
000007ad  __aeabi_memcpy8                
0000084b  __aeabi_memset                 
0000084b  __aeabi_memset4                
0000084b  __aeabi_memset8                
ffffffff  __binit__                      
ffffffff  __c_args__                     
000008c3  __mpu_init                     
2000fe00  __stack                        
00000a91  _args_main                     
0000099d  _c_int00                       
2000001c  _lock                          
00000ab7  _nop                           
00000aaf  _register_lock                 
00000aa9  _register_unlock               
00000ae9  _system_post_cinit             
00000ae5  _system_pre_init               
20000020  _unlock                        
000009f5  abort                          
ffffffff  binit                          
00000a45  copy_in                        
2000002c  errors                         
000009fd  exit                           
00000000  interruptVectors               
00000799  main                           
20000024  main_func_sp                   
000007ad  memcpy                         
00000851  memset                         


GLOBAL SYMBOLS: SORTED BY Symbol Address 

address   name                           
-------   ----                           
00000000  __TI_static_base__             
00000000  interruptVectors               
000000e5  SystemCoreClockUpdate          
00000200  __STACK_SIZE                   
00000359  SystemInit                     
00000411  SetParametersForSolution       
00000439  Solution                       
000005f5  Classify                       
0000060d  Convert                        
00000619  Program4_1                     
0000066f  Program4_2                     
0000070d  Program4_3                     
00000799  main                           
000007ad  __aeabi_memcpy                 
000007ad  __aeabi_memcpy4                
000007ad  __aeabi_memcpy8                
000007ad  memcpy                         
00000849  __aeabi_memclr                 
00000849  __aeabi_memclr4                
00000849  __aeabi_memclr8                
0000084b  __aeabi_memset                 
0000084b  __aeabi_memset4                
0000084b  __aeabi_memset8                
00000851  memset                         
000008c3  __mpu_init                     
000008c5  __TI_auto_init                 
00000935  __TI_decompress_lzss           
0000099d  _c_int00                       
000009f1  C$$EXIT                        
000009f5  abort                          
000009fd  exit                           
00000a45  copy_in                        
00000a91  _args_main                     
00000aa9  _register_unlock               
00000aaf  _register_lock                 
00000ab7  _nop                           
00000abd  __TI_decompress_none           
00000acb  Reset_Handler                  
00000ad7  ADC14_IRQHandler               
00000ad7  AES256_IRQHandler              
00000ad7  BusFault_Handler               
00000ad7  COMP_E0_IRQHandler             
00000ad7  COMP_E1_IRQHandler             
00000ad7  CS_IRQHandler                  
00000ad7  DMA_ERR_IRQHandler             
00000ad7  DMA_INT0_IRQHandler            
00000ad7  DMA_INT1_IRQHandler            
00000ad7  DMA_INT2_IRQHandler            
00000ad7  DMA_INT3_IRQHandler            
00000ad7  DebugMon_Handler               
00000ad7  Default_Handler                
00000ad7  EUSCIA0_IRQHandler             
00000ad7  EUSCIA1_IRQHandler             
00000ad7  EUSCIA2_IRQHandler             
00000ad7  EUSCIA3_IRQHandler             
00000ad7  EUSCIB0_IRQHandler             
00000ad7  EUSCIB1_IRQHandler             
00000ad7  EUSCIB2_IRQHandler             
00000ad7  EUSCIB3_IRQHandler             
00000ad7  FLCTL_IRQHandler               
00000ad7  FPU_IRQHandler                 
00000ad7  HardFault_Handler              
00000ad7  MemManage_Handler              
00000ad7  NMI_Handler                    
00000ad7  PCM_IRQHandler                 
00000ad7  PORT1_IRQHandler               
00000ad7  PORT2_IRQHandler               
00000ad7  PORT3_IRQHandler               
00000ad7  PORT4_IRQHandler               
00000ad7  PORT5_IRQHandler               
00000ad7  PORT6_IRQHandler               
00000ad7  PSS_IRQHandler                 
00000ad7  PendSV_Handler                 
00000ad7  RTC_C_IRQHandler               
00000ad7  SVC_Handler                    
00000ad7  SysTick_Handler                
00000ad7  T32_INT1_IRQHandler            
00000ad7  T32_INT2_IRQHandler            
00000ad7  T32_INTC_IRQHandler            
00000ad7  TA0_0_IRQHandler               
00000ad7  TA0_N_IRQHandler               
00000ad7  TA1_0_IRQHandler               
00000ad7  TA1_N_IRQHandler               
00000ad7  TA2_0_IRQHandler               
00000ad7  TA2_N_IRQHandler               
00000ad7  TA3_0_IRQHandler               
00000ad7  TA3_N_IRQHandler               
00000ad7  UsageFault_Handler             
00000ad7  WDT_A_IRQHandler               
00000ad9  __TI_zero_init                 
00000ae5  _system_pre_init               
00000ae9  _system_post_cinit             
00000aec  CornerCases                    
00000b34  ADCBuffer                      
00000b74  DistanceBuffer                 
00000be0  __TI_Handler_Table_Base        
00000bec  __TI_Handler_Table_Limit       
00000bf8  __TI_CINIT_Base                
00000c08  __TI_CINIT_Limit               
20000000  Sidemax                        
20000004  Sidemin                        
20000008  Centeropen                     
2000000c  Centermin                      
20000010  __TI_cleanup_ptr               
20000014  __TI_dtors_ptr                 
20000018  __TI_enable_exit_profile_output
2000001c  _lock                          
20000020  _unlock                        
20000024  main_func_sp                   
20000028  SystemCoreClock                
2000002c  errors                         
2000fe00  __stack                        
20010000  __STACK_END                    
4000480c  WDTCTL_SYM                     
ffffffff  __TI_pprof_out_hndl            
ffffffff  __TI_prof_data_size            
ffffffff  __TI_prof_data_start           
ffffffff  __binit__                      
ffffffff  __c_args__                     
ffffffff  binit                          
UNDEFED   SHT$$INIT_ARRAY$$Base          
UNDEFED   SHT$$INIT_ARRAY$$Limit         

[122 symbols]
